Running tests from C:\repos\astar-development\astar-dev-onedrive-sync-client\test\AStar.Dev.OneDrive.Sync.Client.Tests.Unit\bin\Debug\net10.0\AStar.Dev.OneDrive.Sync.Client.Tests.Unit.dll (net10.0|x64)
failed AStar.Dev.OneDrive.Sync.Client.Tests.Unit.Features.Authentication.Services.AuthenticationServiceShould.ReturnCancelledErrorWhenAuthenticateAsyncIsCancelled (215ms)
  System.TypeLoadException : Could not load type 'Castle.Proxies.AcquireTokenWithDeviceCodeParameterBuilderProxy' from assembly 'DynamicProxyGenAssembly2, Version=0.0.0.0, Culture=neutral, PublicKeyToken=a621a9e7e5c32e69' because the parent type is sealed.
  from C:\repos\astar-development\astar-dev-onedrive-sync-client\test\AStar.Dev.OneDrive.Sync.Client.Tests.Unit\bin\Debug\net10.0\AStar.Dev.OneDrive.Sync.Client.Tests.Unit.dll (net10.0|x64)
  Xunit.MicrosoftTestingPlatform.XunitException: System.TypeLoadException : Could not load type 'Castle.Proxies.AcquireTokenWithDeviceCodeParameterBuilderProxy' from assembly 'DynamicProxyGenAssembly2, Version=0.0.0.0, Culture=neutral, PublicKeyToken=a621a9e7e5c32e69' because the parent type is sealed.
    at System.Reflection.Emit.RuntimeTypeBuilder.CreateTypeNoLock()
    at System.Reflection.Emit.RuntimeTypeBuilder.CreateTypeInfoImpl()
    at Castle.DynamicProxy.Generators.Emitters.AbstractTypeEmitter.CreateType(TypeBuilder type)
    at Castle.DynamicProxy.Generators.Emitters.AbstractTypeEmitter.BuildType()
    at Castle.DynamicProxy.Generators.BaseClassProxyGenerator.GenerateType(String name, INamingScope namingScope)
    at Castle.DynamicProxy.Generators.BaseProxyGenerator.<>c__DisplayClass13_0.<GetProxyType>b__0(CacheKey cacheKey)
    at Castle.Core.Internal.SynchronizedDictionary`2.GetOrAdd(TKey key, Func`2 valueFactory)
    at Castle.DynamicProxy.Generators.BaseProxyGenerator.GetProxyType()
    at Castle.DynamicProxy.DefaultProxyBuilder.CreateClassProxyType(Type classToProxy, Type[] additionalInterfacesToProxy, ProxyGenerationOptions options)
    at Castle.DynamicProxy.ProxyGenerator.CreateClassProxyType(Type classToProxy, Type[] additionalInterfacesToProxy, ProxyGenerationOptions options)
    at Castle.DynamicProxy.ProxyGenerator.CreateClassProxy(Type classToProxy, Type[] additionalInterfacesToProxy, ProxyGenerationOptions options, Object[] constructorArguments, IInterceptor[] interceptors)
    at NSubstitute.Proxies.CastleDynamicProxy.CastleDynamicProxyFactory.CreateProxyUsingCastleProxyGenerator(Type typeToProxy, Type[] additionalInterfaces, Object[] constructorArguments, IInterceptor[] interceptors, ProxyGenerationOptions proxyGenerationOptions, Boolean isPartial)
    at NSubstitute.Proxies.CastleDynamicProxy.CastleDynamicProxyFactory.GenerateTypeProxy(ICallRouter callRouter, Type typeToProxy, Type[] additionalInterfaces, Boolean isPartial, Object[] constructorArguments)
    at NSubstitute.Proxies.CastleDynamicProxy.CastleDynamicProxyFactory.GenerateProxy(ICallRouter callRouter, Type typeToProxy, Type[] additionalInterfaces, Boolean isPartial, Object[] constructorArguments)
    at NSubstitute.Core.SubstituteFactory.Create(Type[] typesToProxy, Object[] constructorArguments, Boolean callBaseByDefault, Boolean isPartial)
    at NSubstitute.Core.SubstituteFactory.Create(Type[] typesToProxy, Object[] constructorArguments)
    at NSubstitute.Substitute.For(Type[] typesToProxy, Object[] constructorArguments)
    at NSubstitute.Substitute.For[T](Object[] constructorArguments)
    at AStar.Dev.OneDrive.Sync.Client.Tests.Unit.Features.Authentication.Services.AuthenticationServiceShould.ReturnCancelledErrorWhenAuthenticateAsyncIsCancelled() in C:\repos\astar-development\astar-dev-onedrive-sync-client\test\AStar.Dev.OneDrive.Sync.Client.Tests.Unit\Features\Authentication\Services\AuthenticationServiceShould.cs:61
    --- End of stack trace from previous location ---
failed AStar.Dev.OneDrive.Sync.Client.Tests.Unit.Features.Authentication.Services.AuthenticationServiceShould.ReturnServiceErrorWhenAuthenticateAsyncFailsWithMsalException (6ms)
  System.TypeLoadException : Could not load type 'Castle.Proxies.AcquireTokenWithDeviceCodeParameterBuilderProxy_1' from assembly 'DynamicProxyGenAssembly2, Version=0.0.0.0, Culture=neutral, PublicKeyToken=a621a9e7e5c32e69' because the parent type is sealed.
  from C:\repos\astar-development\astar-dev-onedrive-sync-client\test\AStar.Dev.OneDrive.Sync.Client.Tests.Unit\bin\Debug\net10.0\AStar.Dev.OneDrive.Sync.Client.Tests.Unit.dll (net10.0|x64)
  Xunit.MicrosoftTestingPlatform.XunitException: System.TypeLoadException : Could not load type 'Castle.Proxies.AcquireTokenWithDeviceCodeParameterBuilderProxy_1' from assembly 'DynamicProxyGenAssembly2, Version=0.0.0.0, Culture=neutral, PublicKeyToken=a621a9e7e5c32e69' because the parent type is sealed.
    at System.Reflection.Emit.RuntimeTypeBuilder.CreateTypeNoLock()
    at System.Reflection.Emit.RuntimeTypeBuilder.CreateTypeInfoImpl()
    at Castle.DynamicProxy.Generators.Emitters.AbstractTypeEmitter.CreateType(TypeBuilder type)
    at Castle.DynamicProxy.Generators.Emitters.AbstractTypeEmitter.BuildType()
    at Castle.DynamicProxy.Generators.BaseClassProxyGenerator.GenerateType(String name, INamingScope namingScope)
    at Castle.DynamicProxy.Generators.BaseProxyGenerator.<>c__DisplayClass13_0.<GetProxyType>b__0(CacheKey cacheKey)
    at Castle.Core.Internal.SynchronizedDictionary`2.GetOrAdd(TKey key, Func`2 valueFactory)
    at Castle.DynamicProxy.Generators.BaseProxyGenerator.GetProxyType()
    at Castle.DynamicProxy.DefaultProxyBuilder.CreateClassProxyType(Type classToProxy, Type[] additionalInterfacesToProxy, ProxyGenerationOptions options)
    at Castle.DynamicProxy.ProxyGenerator.CreateClassProxyType(Type classToProxy, Type[] additionalInterfacesToProxy, ProxyGenerationOptions options)
    at Castle.DynamicProxy.ProxyGenerator.CreateClassProxy(Type classToProxy, Type[] additionalInterfacesToProxy, ProxyGenerationOptions options, Object[] constructorArguments, IInterceptor[] interceptors)
    at NSubstitute.Proxies.CastleDynamicProxy.CastleDynamicProxyFactory.CreateProxyUsingCastleProxyGenerator(Type typeToProxy, Type[] additionalInterfaces, Object[] constructorArguments, IInterceptor[] interceptors, ProxyGenerationOptions proxyGenerationOptions, Boolean isPartial)
    at NSubstitute.Proxies.CastleDynamicProxy.CastleDynamicProxyFactory.GenerateTypeProxy(ICallRouter callRouter, Type typeToProxy, Type[] additionalInterfaces, Boolean isPartial, Object[] constructorArguments)
    at NSubstitute.Proxies.CastleDynamicProxy.CastleDynamicProxyFactory.GenerateProxy(ICallRouter callRouter, Type typeToProxy, Type[] additionalInterfaces, Boolean isPartial, Object[] constructorArguments)
    at NSubstitute.Core.SubstituteFactory.Create(Type[] typesToProxy, Object[] constructorArguments, Boolean callBaseByDefault, Boolean isPartial)
    at NSubstitute.Core.SubstituteFactory.Create(Type[] typesToProxy, Object[] constructorArguments)
    at NSubstitute.Substitute.For(Type[] typesToProxy, Object[] constructorArguments)
    at NSubstitute.Substitute.For[T](Object[] constructorArguments)
    at AStar.Dev.OneDrive.Sync.Client.Tests.Unit.Features.Authentication.Services.AuthenticationServiceShould.ReturnServiceErrorWhenAuthenticateAsyncFailsWithMsalException() in C:\repos\astar-development\astar-dev-onedrive-sync-client\test\AStar.Dev.OneDrive.Sync.Client.Tests.Unit\Features\Authentication\Services\AuthenticationServiceShould.cs:105
    --- End of stack trace from previous location ---
failed AStar.Dev.OneDrive.Sync.Client.Tests.Unit.Features.Authentication.Services.AuthenticationServiceShould.ReturnOkResultWithAuthTokenWhenAuthenticateAsyncSucceeds (3ms)
  System.TypeLoadException : Could not load type 'Castle.Proxies.AcquireTokenWithDeviceCodeParameterBuilderProxy_2' from assembly 'DynamicProxyGenAssembly2, Version=0.0.0.0, Culture=neutral, PublicKeyToken=a621a9e7e5c32e69' because the parent type is sealed.
  from C:\repos\astar-development\astar-dev-onedrive-sync-client\test\AStar.Dev.OneDrive.Sync.Client.Tests.Unit\bin\Debug\net10.0\AStar.Dev.OneDrive.Sync.Client.Tests.Unit.dll (net10.0|x64)
  Xunit.MicrosoftTestingPlatform.XunitException: System.TypeLoadException : Could not load type 'Castle.Proxies.AcquireTokenWithDeviceCodeParameterBuilderProxy_2' from assembly 'DynamicProxyGenAssembly2, Version=0.0.0.0, Culture=neutral, PublicKeyToken=a621a9e7e5c32e69' because the parent type is sealed.
    at System.Reflection.Emit.RuntimeTypeBuilder.CreateTypeNoLock()
    at System.Reflection.Emit.RuntimeTypeBuilder.CreateTypeInfoImpl()
    at Castle.DynamicProxy.Generators.Emitters.AbstractTypeEmitter.CreateType(TypeBuilder type)
    at Castle.DynamicProxy.Generators.Emitters.AbstractTypeEmitter.BuildType()
    at Castle.DynamicProxy.Generators.BaseClassProxyGenerator.GenerateType(String name, INamingScope namingScope)
    at Castle.DynamicProxy.Generators.BaseProxyGenerator.<>c__DisplayClass13_0.<GetProxyType>b__0(CacheKey cacheKey)
    at Castle.Core.Internal.SynchronizedDictionary`2.GetOrAdd(TKey key, Func`2 valueFactory)
    at Castle.DynamicProxy.Generators.BaseProxyGenerator.GetProxyType()
    at Castle.DynamicProxy.DefaultProxyBuilder.CreateClassProxyType(Type classToProxy, Type[] additionalInterfacesToProxy, ProxyGenerationOptions options)
    at Castle.DynamicProxy.ProxyGenerator.CreateClassProxyType(Type classToProxy, Type[] additionalInterfacesToProxy, ProxyGenerationOptions options)
    at Castle.DynamicProxy.ProxyGenerator.CreateClassProxy(Type classToProxy, Type[] additionalInterfacesToProxy, ProxyGenerationOptions options, Object[] constructorArguments, IInterceptor[] interceptors)
    at NSubstitute.Proxies.CastleDynamicProxy.CastleDynamicProxyFactory.CreateProxyUsingCastleProxyGenerator(Type typeToProxy, Type[] additionalInterfaces, Object[] constructorArguments, IInterceptor[] interceptors, ProxyGenerationOptions proxyGenerationOptions, Boolean isPartial)
    at NSubstitute.Proxies.CastleDynamicProxy.CastleDynamicProxyFactory.GenerateTypeProxy(ICallRouter callRouter, Type typeToProxy, Type[] additionalInterfaces, Boolean isPartial, Object[] constructorArguments)
    at NSubstitute.Proxies.CastleDynamicProxy.CastleDynamicProxyFactory.GenerateProxy(ICallRouter callRouter, Type typeToProxy, Type[] additionalInterfaces, Boolean isPartial, Object[] constructorArguments)
    at NSubstitute.Core.SubstituteFactory.Create(Type[] typesToProxy, Object[] constructorArguments, Boolean callBaseByDefault, Boolean isPartial)
    at NSubstitute.Core.SubstituteFactory.Create(Type[] typesToProxy, Object[] constructorArguments)
    at NSubstitute.Substitute.For(Type[] typesToProxy, Object[] constructorArguments)
    at NSubstitute.Substitute.For[T](Object[] constructorArguments)
    at AStar.Dev.OneDrive.Sync.Client.Tests.Unit.Features.Authentication.Services.AuthenticationServiceShould.ReturnOkResultWithAuthTokenWhenAuthenticateAsyncSucceeds() in C:\repos\astar-development\astar-dev-onedrive-sync-client\test\AStar.Dev.OneDrive.Sync.Client.Tests.Unit\Features\Authentication\Services\AuthenticationServiceShould.cs:20
    --- End of stack trace from previous location ---
failed AStar.Dev.OneDrive.Sync.Client.Tests.Unit.Features.Authentication.Services.AuthenticationServiceShould.ReturnOkResultWithRefreshedTokenWhenRefreshTokenAsyncSucceeds (3ms)
  System.TypeLoadException : Could not load type 'Castle.Proxies.AcquireTokenSilentParameterBuilderProxy' from assembly 'DynamicProxyGenAssembly2, Version=0.0.0.0, Culture=neutral, PublicKeyToken=a621a9e7e5c32e69' because the parent type is sealed.
  from C:\repos\astar-development\astar-dev-onedrive-sync-client\test\AStar.Dev.OneDrive.Sync.Client.Tests.Unit\bin\Debug\net10.0\AStar.Dev.OneDrive.Sync.Client.Tests.Unit.dll (net10.0|x64)
  Xunit.MicrosoftTestingPlatform.XunitException: System.TypeLoadException : Could not load type 'Castle.Proxies.AcquireTokenSilentParameterBuilderProxy' from assembly 'DynamicProxyGenAssembly2, Version=0.0.0.0, Culture=neutral, PublicKeyToken=a621a9e7e5c32e69' because the parent type is sealed.
    at System.Reflection.Emit.RuntimeTypeBuilder.CreateTypeNoLock()
    at System.Reflection.Emit.RuntimeTypeBuilder.CreateTypeInfoImpl()
    at Castle.DynamicProxy.Generators.Emitters.AbstractTypeEmitter.CreateType(TypeBuilder type)
    at Castle.DynamicProxy.Generators.Emitters.AbstractTypeEmitter.BuildType()
    at Castle.DynamicProxy.Generators.BaseClassProxyGenerator.GenerateType(String name, INamingScope namingScope)
    at Castle.DynamicProxy.Generators.BaseProxyGenerator.<>c__DisplayClass13_0.<GetProxyType>b__0(CacheKey cacheKey)
    at Castle.Core.Internal.SynchronizedDictionary`2.GetOrAdd(TKey key, Func`2 valueFactory)
    at Castle.DynamicProxy.Generators.BaseProxyGenerator.GetProxyType()
    at Castle.DynamicProxy.DefaultProxyBuilder.CreateClassProxyType(Type classToProxy, Type[] additionalInterfacesToProxy, ProxyGenerationOptions options)
    at Castle.DynamicProxy.ProxyGenerator.CreateClassProxyType(Type classToProxy, Type[] additionalInterfacesToProxy, ProxyGenerationOptions options)
    at Castle.DynamicProxy.ProxyGenerator.CreateClassProxy(Type classToProxy, Type[] additionalInterfacesToProxy, ProxyGenerationOptions options, Object[] constructorArguments, IInterceptor[] interceptors)
    at NSubstitute.Proxies.CastleDynamicProxy.CastleDynamicProxyFactory.CreateProxyUsingCastleProxyGenerator(Type typeToProxy, Type[] additionalInterfaces, Object[] constructorArguments, IInterceptor[] interceptors, ProxyGenerationOptions proxyGenerationOptions, Boolean isPartial)
    at NSubstitute.Proxies.CastleDynamicProxy.CastleDynamicProxyFactory.GenerateTypeProxy(ICallRouter callRouter, Type typeToProxy, Type[] additionalInterfaces, Boolean isPartial, Object[] constructorArguments)
    at NSubstitute.Proxies.CastleDynamicProxy.CastleDynamicProxyFactory.GenerateProxy(ICallRouter callRouter, Type typeToProxy, Type[] additionalInterfaces, Boolean isPartial, Object[] constructorArguments)
    at NSubstitute.Core.SubstituteFactory.Create(Type[] typesToProxy, Object[] constructorArguments, Boolean callBaseByDefault, Boolean isPartial)
    at NSubstitute.Core.SubstituteFactory.Create(Type[] typesToProxy, Object[] constructorArguments)
    at NSubstitute.Substitute.For(Type[] typesToProxy, Object[] constructorArguments)
    at NSubstitute.Substitute.For[T](Object[] constructorArguments)
    at AStar.Dev.OneDrive.Sync.Client.Tests.Unit.Features.Authentication.Services.AuthenticationServiceShould.ReturnOkResultWithRefreshedTokenWhenRefreshTokenAsyncSucceeds() in C:\repos\astar-development\astar-dev-onedrive-sync-client\test\AStar.Dev.OneDrive.Sync.Client.Tests.Unit\Features\Authentication\Services\AuthenticationServiceShould.cs:83
    --- End of stack trace from previous location ---
failed AStar.Dev.OneDrive.Sync.Client.Tests.Unit.Features.Authentication.Services.AuthenticationServiceShould.ReturnTimedOutErrorWhenAuthenticateAsyncExceedsTimeout (2ms)
  System.TypeLoadException : Could not load type 'Castle.Proxies.AcquireTokenWithDeviceCodeParameterBuilderProxy_3' from assembly 'DynamicProxyGenAssembly2, Version=0.0.0.0, Culture=neutral, PublicKeyToken=a621a9e7e5c32e69' because the parent type is sealed.
  from C:\repos\astar-development\astar-dev-onedrive-sync-client\test\AStar.Dev.OneDrive.Sync.Client.Tests.Unit\bin\Debug\net10.0\AStar.Dev.OneDrive.Sync.Client.Tests.Unit.dll (net10.0|x64)
  Xunit.MicrosoftTestingPlatform.XunitException: System.TypeLoadException : Could not load type 'Castle.Proxies.AcquireTokenWithDeviceCodeParameterBuilderProxy_3' from assembly 'DynamicProxyGenAssembly2, Version=0.0.0.0, Culture=neutral, PublicKeyToken=a621a9e7e5c32e69' because the parent type is sealed.
    at System.Reflection.Emit.RuntimeTypeBuilder.CreateTypeNoLock()
    at System.Reflection.Emit.RuntimeTypeBuilder.CreateTypeInfoImpl()
    at Castle.DynamicProxy.Generators.Emitters.AbstractTypeEmitter.CreateType(TypeBuilder type)
    at Castle.DynamicProxy.Generators.Emitters.AbstractTypeEmitter.BuildType()
    at Castle.DynamicProxy.Generators.BaseClassProxyGenerator.GenerateType(String name, INamingScope namingScope)
    at Castle.DynamicProxy.Generators.BaseProxyGenerator.<>c__DisplayClass13_0.<GetProxyType>b__0(CacheKey cacheKey)
    at Castle.Core.Internal.SynchronizedDictionary`2.GetOrAdd(TKey key, Func`2 valueFactory)
    at Castle.DynamicProxy.Generators.BaseProxyGenerator.GetProxyType()
    at Castle.DynamicProxy.DefaultProxyBuilder.CreateClassProxyType(Type classToProxy, Type[] additionalInterfacesToProxy, ProxyGenerationOptions options)
    at Castle.DynamicProxy.ProxyGenerator.CreateClassProxyType(Type classToProxy, Type[] additionalInterfacesToProxy, ProxyGenerationOptions options)
    at Castle.DynamicProxy.ProxyGenerator.CreateClassProxy(Type classToProxy, Type[] additionalInterfacesToProxy, ProxyGenerationOptions options, Object[] constructorArguments, IInterceptor[] interceptors)
    at NSubstitute.Proxies.CastleDynamicProxy.CastleDynamicProxyFactory.CreateProxyUsingCastleProxyGenerator(Type typeToProxy, Type[] additionalInterfaces, Object[] constructorArguments, IInterceptor[] interceptors, ProxyGenerationOptions proxyGenerationOptions, Boolean isPartial)
    at NSubstitute.Proxies.CastleDynamicProxy.CastleDynamicProxyFactory.GenerateTypeProxy(ICallRouter callRouter, Type typeToProxy, Type[] additionalInterfaces, Boolean isPartial, Object[] constructorArguments)
    at NSubstitute.Proxies.CastleDynamicProxy.CastleDynamicProxyFactory.GenerateProxy(ICallRouter callRouter, Type typeToProxy, Type[] additionalInterfaces, Boolean isPartial, Object[] constructorArguments)
    at NSubstitute.Core.SubstituteFactory.Create(Type[] typesToProxy, Object[] constructorArguments, Boolean callBaseByDefault, Boolean isPartial)
    at NSubstitute.Core.SubstituteFactory.Create(Type[] typesToProxy, Object[] constructorArguments)
    at NSubstitute.Substitute.For(Type[] typesToProxy, Object[] constructorArguments)
    at NSubstitute.Substitute.For[T](Object[] constructorArguments)
    at AStar.Dev.OneDrive.Sync.Client.Tests.Unit.Features.Authentication.Services.AuthenticationServiceShould.ReturnTimedOutErrorWhenAuthenticateAsyncExceedsTimeout() in C:\repos\astar-development\astar-dev-onedrive-sync-client\test\AStar.Dev.OneDrive.Sync.Client.Tests.Unit\Features\Authentication\Services\AuthenticationServiceShould.cs:41
    --- End of stack trace from previous location ---
failed AStar.Dev.OneDrive.Sync.Client.Tests.Unit.Infrastructure.Database.Data.OneDriveSyncDbContextShould.ConfigureOneDriveSchemaAsDefault (440ms)
  System.IO.FileNotFoundException : Could not load file or assembly 'Microsoft.EntityFrameworkCore.Relational, Version=10.0.2.0, Culture=neutral, PublicKeyToken=adb9793829ddae60'. The system cannot find the file specified.
  from C:\repos\astar-development\astar-dev-onedrive-sync-client\test\AStar.Dev.OneDrive.Sync.Client.Tests.Unit\bin\Debug\net10.0\AStar.Dev.OneDrive.Sync.Client.Tests.Unit.dll (net10.0|x64)
  Xunit.MicrosoftTestingPlatform.XunitException: System.IO.FileNotFoundException : Could not load file or assembly 'Microsoft.EntityFrameworkCore.Relational, Version=10.0.2.0, Culture=neutral, PublicKeyToken=adb9793829ddae60'. The system cannot find the file specified.
    at AStar.Dev.OneDrive.Sync.Client.Infrastructure.Database.Data.OneDriveSyncDbContext.OnModelCreating(ModelBuilder modelBuilder) in /_/src/AStar.Dev.OneDrive.Sync.Client/Infrastructure/Database/Data/OneDriveSyncDbContext.cs:60
    at AStar.Dev.OneDrive.Sync.Client.Infrastructure.Database.Data.OneDriveSyncDbContext.OnModelCreating(ModelBuilder modelBuilder) in /_/src/AStar.Dev.OneDrive.Sync.Client/Infrastructure/Database/Data/OneDriveSyncDbContext.cs:60
    at Microsoft.EntityFrameworkCore.Infrastructure.ModelCustomizer.Customize(ModelBuilder modelBuilder, DbContext context)
    at Microsoft.EntityFrameworkCore.Infrastructure.ModelSource.CreateModel(DbContext context, IConventionSetBuilder conventionSetBuilder, ModelDependencies modelDependencies)
    at Microsoft.EntityFrameworkCore.Infrastructure.ModelSource.CreateModel(DbContext context, ModelCreationDependencies modelCreationDependencies, Boolean designTime)
    at Microsoft.EntityFrameworkCore.Infrastructure.ModelSource.GetModel(DbContext context, ModelCreationDependencies modelCreationDependencies, Boolean designTime)
    at Microsoft.EntityFrameworkCore.Internal.DbContextServices.CreateModel(Boolean designTime)
    at Microsoft.EntityFrameworkCore.Internal.DbContextServices.get_Model()
    at Microsoft.EntityFrameworkCore.Infrastructure.EntityFrameworkServicesBuilder.<>c.<TryAddCoreServices>b__8_4(IServiceProvider p)
    at Microsoft.Extensions.DependencyInjection.ServiceLookup.CallSiteRuntimeResolver.VisitCache(ServiceCallSite callSite, RuntimeResolverContext context, ServiceProviderEngineScope serviceProviderEngine, RuntimeResolverLock lockType)
    at Microsoft.Extensions.DependencyInjection.ServiceLookup.CallSiteRuntimeResolver.VisitScopeCache(ServiceCallSite callSite, RuntimeResolverContext context)
    at Microsoft.Extensions.DependencyInjection.ServiceLookup.CallSiteRuntimeResolver.VisitConstructor(ConstructorCallSite constructorCallSite, RuntimeResolverContext context)
    at Microsoft.Extensions.DependencyInjection.ServiceLookup.CallSiteRuntimeResolver.VisitCache(ServiceCallSite callSite, RuntimeResolverContext context, ServiceProviderEngineScope serviceProviderEngine, RuntimeResolverLock lockType)
    at Microsoft.Extensions.DependencyInjection.ServiceLookup.CallSiteRuntimeResolver.VisitScopeCache(ServiceCallSite callSite, RuntimeResolverContext context)
    at Microsoft.Extensions.DependencyInjection.ServiceLookup.CallSiteRuntimeResolver.VisitConstructor(ConstructorCallSite constructorCallSite, RuntimeResolverContext context)
    at Microsoft.Extensions.DependencyInjection.ServiceLookup.CallSiteRuntimeResolver.VisitCache(ServiceCallSite callSite, RuntimeResolverContext context, ServiceProviderEngineScope serviceProviderEngine, RuntimeResolverLock lockType)
    at Microsoft.Extensions.DependencyInjection.ServiceLookup.CallSiteRuntimeResolver.VisitScopeCache(ServiceCallSite callSite, RuntimeResolverContext context)
    at Microsoft.Extensions.DependencyInjection.ServiceLookup.CallSiteRuntimeResolver.VisitConstructor(ConstructorCallSite constructorCallSite, RuntimeResolverContext context)
    at Microsoft.Extensions.DependencyInjection.ServiceLookup.CallSiteRuntimeResolver.VisitCache(ServiceCallSite callSite, RuntimeResolverContext context, ServiceProviderEngineScope serviceProviderEngine, RuntimeResolverLock lockType)
    at Microsoft.Extensions.DependencyInjection.ServiceLookup.CallSiteRuntimeResolver.VisitScopeCache(ServiceCallSite callSite, RuntimeResolverContext context)
    at Microsoft.Extensions.DependencyInjection.ServiceLookup.CallSiteRuntimeResolver.VisitConstructor(ConstructorCallSite constructorCallSite, RuntimeResolverContext context)
    at Microsoft.Extensions.DependencyInjection.ServiceLookup.CallSiteRuntimeResolver.VisitCache(ServiceCallSite callSite, RuntimeResolverContext context, ServiceProviderEngineScope serviceProviderEngine, RuntimeResolverLock lockType)
    at Microsoft.Extensions.DependencyInjection.ServiceLookup.CallSiteRuntimeResolver.VisitScopeCache(ServiceCallSite callSite, RuntimeResolverContext context)
    at Microsoft.Extensions.DependencyInjection.ServiceLookup.CallSiteRuntimeResolver.VisitConstructor(ConstructorCallSite constructorCallSite, RuntimeResolverContext context)
    at Microsoft.Extensions.DependencyInjection.ServiceLookup.CallSiteRuntimeResolver.VisitCache(ServiceCallSite callSite, RuntimeResolverContext context, ServiceProviderEngineScope serviceProviderEngine, RuntimeResolverLock lockType)
    at Microsoft.Extensions.DependencyInjection.ServiceLookup.CallSiteRuntimeResolver.VisitScopeCache(ServiceCallSite callSite, RuntimeResolverContext context)
    at Microsoft.Extensions.DependencyInjection.ServiceLookup.CallSiteRuntimeResolver.Resolve(ServiceCallSite callSite, ServiceProviderEngineScope scope)
    at Microsoft.Extensions.DependencyInjection.ServiceLookup.DynamicServiceProviderEngine.<>c__DisplayClass2_0.<RealizeService>b__0(ServiceProviderEngineScope scope)
    at Microsoft.Extensions.DependencyInjection.ServiceProvider.GetService(ServiceIdentifier serviceIdentifier, ServiceProviderEngineScope serviceProviderEngineScope)
    at Microsoft.Extensions.DependencyInjection.ServiceLookup.ServiceProviderEngineScope.GetService(Type serviceType)
    at Microsoft.Extensions.DependencyInjection.ServiceProviderServiceExtensions.GetRequiredService(IServiceProvider provider, Type serviceType)
    at Microsoft.Extensions.DependencyInjection.ServiceProviderServiceExtensions.GetRequiredService[T](IServiceProvider provider)
    at Microsoft.EntityFrameworkCore.DbContext.get_DbContextDependencies()
    at Microsoft.EntityFrameworkCore.DbContext.get_ContextServices()
    at Microsoft.EntityFrameworkCore.DbContext.get_Model()
    at AStar.Dev.OneDrive.Sync.Client.Tests.Unit.Infrastructure.Database.Data.OneDriveSyncDbContextShould.ConfigureOneDriveSchemaAsDefault() in C:\repos\astar-development\astar-dev-onedrive-sync-client\test\AStar.Dev.OneDrive.Sync.Client.Tests.Unit\Infrastructure\Database\Data\OneDriveSyncDbContextShould.cs:17
    at System.Reflection.MethodBaseInvoker.InterpretedInvoke_Method(Object obj, IntPtr* args)
    at System.Reflection.MethodBaseInvoker.InvokeWithNoArgs(Object obj, BindingFlags invokeAttr)
failed AStar.Dev.OneDrive.Sync.Client.Tests.Unit.Infrastructure.Database.Data.OneDriveSyncDbContextShould.ProvideAccessToModel (16ms)
  System.IO.FileNotFoundException : Could not load file or assembly 'Microsoft.EntityFrameworkCore.Relational, Version=10.0.2.0, Culture=neutral, PublicKeyToken=adb9793829ddae60'. The system cannot find the file specified.
  from C:\repos\astar-development\astar-dev-onedrive-sync-client\test\AStar.Dev.OneDrive.Sync.Client.Tests.Unit\bin\Debug\net10.0\AStar.Dev.OneDrive.Sync.Client.Tests.Unit.dll (net10.0|x64)
  Xunit.MicrosoftTestingPlatform.XunitException: System.IO.FileNotFoundException : Could not load file or assembly 'Microsoft.EntityFrameworkCore.Relational, Version=10.0.2.0, Culture=neutral, PublicKeyToken=adb9793829ddae60'. The system cannot find the file specified.
    at AStar.Dev.OneDrive.Sync.Client.Infrastructure.Database.Data.OneDriveSyncDbContext.OnModelCreating(ModelBuilder modelBuilder) in /_/src/AStar.Dev.OneDrive.Sync.Client/Infrastructure/Database/Data/OneDriveSyncDbContext.cs:60
    at AStar.Dev.OneDrive.Sync.Client.Infrastructure.Database.Data.OneDriveSyncDbContext.OnModelCreating(ModelBuilder modelBuilder) in /_/src/AStar.Dev.OneDrive.Sync.Client/Infrastructure/Database/Data/OneDriveSyncDbContext.cs:60
    at Microsoft.EntityFrameworkCore.Infrastructure.ModelCustomizer.Customize(ModelBuilder modelBuilder, DbContext context)
    at Microsoft.EntityFrameworkCore.Infrastructure.ModelSource.CreateModel(DbContext context, IConventionSetBuilder conventionSetBuilder, ModelDependencies modelDependencies)
    at Microsoft.EntityFrameworkCore.Infrastructure.ModelSource.CreateModel(DbContext context, ModelCreationDependencies modelCreationDependencies, Boolean designTime)
    at Microsoft.EntityFrameworkCore.Infrastructure.ModelSource.GetModel(DbContext context, ModelCreationDependencies modelCreationDependencies, Boolean designTime)
    at Microsoft.EntityFrameworkCore.Internal.DbContextServices.CreateModel(Boolean designTime)
    at Microsoft.EntityFrameworkCore.Internal.DbContextServices.get_Model()
    at Microsoft.EntityFrameworkCore.Infrastructure.EntityFrameworkServicesBuilder.<>c.<TryAddCoreServices>b__8_4(IServiceProvider p)
    at Microsoft.Extensions.DependencyInjection.ServiceLookup.CallSiteRuntimeResolver.VisitCache(ServiceCallSite callSite, RuntimeResolverContext context, ServiceProviderEngineScope serviceProviderEngine, RuntimeResolverLock lockType)
    at Microsoft.Extensions.DependencyInjection.ServiceLookup.CallSiteRuntimeResolver.VisitScopeCache(ServiceCallSite callSite, RuntimeResolverContext context)
    at Microsoft.Extensions.DependencyInjection.ServiceLookup.CallSiteRuntimeResolver.VisitConstructor(ConstructorCallSite constructorCallSite, RuntimeResolverContext context)
    at Microsoft.Extensions.DependencyInjection.ServiceLookup.CallSiteRuntimeResolver.VisitCache(ServiceCallSite callSite, RuntimeResolverContext context, ServiceProviderEngineScope serviceProviderEngine, RuntimeResolverLock lockType)
    at Microsoft.Extensions.DependencyInjection.ServiceLookup.CallSiteRuntimeResolver.VisitScopeCache(ServiceCallSite callSite, RuntimeResolverContext context)
    at Microsoft.Extensions.DependencyInjection.ServiceLookup.CallSiteRuntimeResolver.VisitConstructor(ConstructorCallSite constructorCallSite, RuntimeResolverContext context)
    at Microsoft.Extensions.DependencyInjection.ServiceLookup.CallSiteRuntimeResolver.VisitCache(ServiceCallSite callSite, RuntimeResolverContext context, ServiceProviderEngineScope serviceProviderEngine, RuntimeResolverLock lockType)
    at Microsoft.Extensions.DependencyInjection.ServiceLookup.CallSiteRuntimeResolver.VisitScopeCache(ServiceCallSite callSite, RuntimeResolverContext context)
    at Microsoft.Extensions.DependencyInjection.ServiceLookup.CallSiteRuntimeResolver.VisitConstructor(ConstructorCallSite constructorCallSite, RuntimeResolverContext context)
    at Microsoft.Extensions.DependencyInjection.ServiceLookup.CallSiteRuntimeResolver.VisitCache(ServiceCallSite callSite, RuntimeResolverContext context, ServiceProviderEngineScope serviceProviderEngine, RuntimeResolverLock lockType)
    at Microsoft.Extensions.DependencyInjection.ServiceLookup.CallSiteRuntimeResolver.VisitScopeCache(ServiceCallSite callSite, RuntimeResolverContext context)
    at Microsoft.Extensions.DependencyInjection.ServiceLookup.CallSiteRuntimeResolver.VisitConstructor(ConstructorCallSite constructorCallSite, RuntimeResolverContext context)
    at Microsoft.Extensions.DependencyInjection.ServiceLookup.CallSiteRuntimeResolver.VisitCache(ServiceCallSite callSite, RuntimeResolverContext context, ServiceProviderEngineScope serviceProviderEngine, RuntimeResolverLock lockType)
    at Microsoft.Extensions.DependencyInjection.ServiceLookup.CallSiteRuntimeResolver.VisitScopeCache(ServiceCallSite callSite, RuntimeResolverContext context)
    at Microsoft.Extensions.DependencyInjection.ServiceLookup.CallSiteRuntimeResolver.VisitConstructor(ConstructorCallSite constructorCallSite, RuntimeResolverContext context)
    at Microsoft.Extensions.DependencyInjection.ServiceLookup.CallSiteRuntimeResolver.VisitCache(ServiceCallSite callSite, RuntimeResolverContext context, ServiceProviderEngineScope serviceProviderEngine, RuntimeResolverLock lockType)
    at Microsoft.Extensions.DependencyInjection.ServiceLookup.CallSiteRuntimeResolver.VisitScopeCache(ServiceCallSite callSite, RuntimeResolverContext context)
    at Microsoft.Extensions.DependencyInjection.ServiceLookup.CallSiteRuntimeResolver.Resolve(ServiceCallSite callSite, ServiceProviderEngineScope scope)
    at Microsoft.Extensions.DependencyInjection.ServiceLookup.DynamicServiceProviderEngine.<>c__DisplayClass2_0.<RealizeService>b__0(ServiceProviderEngineScope scope)
    at Microsoft.Extensions.DependencyInjection.ServiceProvider.GetService(ServiceIdentifier serviceIdentifier, ServiceProviderEngineScope serviceProviderEngineScope)
    at Microsoft.Extensions.DependencyInjection.ServiceLookup.ServiceProviderEngineScope.GetService(Type serviceType)
    at Microsoft.Extensions.DependencyInjection.ServiceProviderServiceExtensions.GetRequiredService(IServiceProvider provider, Type serviceType)
    at Microsoft.Extensions.DependencyInjection.ServiceProviderServiceExtensions.GetRequiredService[T](IServiceProvider provider)
    at Microsoft.EntityFrameworkCore.DbContext.get_DbContextDependencies()
    at Microsoft.EntityFrameworkCore.DbContext.get_ContextServices()
    at Microsoft.EntityFrameworkCore.DbContext.get_Model()
    at AStar.Dev.OneDrive.Sync.Client.Tests.Unit.Infrastructure.Database.Data.OneDriveSyncDbContextShould.ProvideAccessToModel() in C:\repos\astar-development\astar-dev-onedrive-sync-client\test\AStar.Dev.OneDrive.Sync.Client.Tests.Unit\Infrastructure\Database\Data\OneDriveSyncDbContextShould.cs:56
    at System.Reflection.MethodBaseInvoker.InterpretedInvoke_Method(Object obj, IntPtr* args)
    at System.Reflection.MethodBaseInvoker.InvokeWithNoArgs(Object obj, BindingFlags invokeAttr)
[+89/x7/?0] AStar.Dev.OneDrive.Sync.Client.Tests.Unit.dll (net10.0|x64)(2s)

[+89/x7/?0] AStar.Dev.OneDrive.Sync.Client.Tests.Unit.dll (net10.0|x64)(5s)

C:\repos\astar-development\astar-dev-onedrive-sync-client\test\AStar.Dev.OneDrive.Sync.Client.Tests.Unit\bin\Debug\net10.0\AStar.Dev.OneDrive.Sync.Client.Tests.Unit.dll (net10.0|x64) failed with 7 error(s) (6s 727ms)
Exit code: 2
  Standard output: xUnit.net v3 Microsoft.Testing.Platform v1 Runner v3.2.2+728c1dce01 (64-bit .NET 10.0.2)
  
  

Test run summary: Failed!
  total: 102
  failed: 7
  succeeded: 95
  skipped: 0
  duration: 7s 068ms
Test run completed with non-success exit code: 2 (see: https://aka.ms/testingplatform/exitcodes)
